// Jest Snapshot v1, https://goo.gl/fbAQLP

exports[`Home component renders Home 1`] = `
<h1>
  Home
</h1>
`;
